<html>
<body>
<pre>
<h1>µVision Build Log</h1>
<h2>Project:</h2>
G:\git_up\stm32_modbus\USER\STM32-DEMO.uvproj
Project File Date:  10/04/2011

<h2>Output:</h2>
Build target 'Temlate-DEMO'
assembling startup_stm32f10x_hd.s...
compiling main.c...
compiling stm32f10x_it.c...
compiling stm32f10x_gpio.c...
compiling stm32f10x_rcc.c...
compiling stm32f10x_tim.c...
compiling stm32f10x_usart.c...
compiling misc.c...
compiling core_cm3.c...
compiling system_stm32f10x.c...
compiling mbtcp.c...
compiling mbcrc.c...
compiling mbrtu.c...
..\modbus\rtu\mbrtu.c(153): warning:  #550-D: variable "xFrameReceived" was set but never used
compiling mbascii.c...
compiling mbfunccoils.c...
compiling mbfuncdiag.c...
compiling mbfuncdisc.c...
compiling mbfuncholding.c...
compiling mbfuncinput.c...
compiling mbfuncother.c...
compiling mbutils.c...
compiling portevent.c...
compiling portserial.c...
compiling porttimer.c...
linking...
..\Output\STM32-DEMO.axf: Error: L6218E: Undefined symbol eMBEnable (referred from main.o).
..\Output\STM32-DEMO.axf: Error: L6218E: Undefined symbol eMBInit (referred from main.o).
..\Output\STM32-DEMO.axf: Error: L6218E: Undefined symbol eMBPoll (referred from main.o).
..\Output\STM32-DEMO.axf: Error: L6218E: Undefined symbol eMBRegCoilsCB (referred from mbfunccoils.o).
..\Output\STM32-DEMO.axf: Error: L6218E: Undefined symbol eMBRegDiscreteCB (referred from mbfuncdisc.o).
..\Output\STM32-DEMO.axf: Error: L6218E: Undefined symbol eMBRegHoldingCB (referred from mbfuncholding.o).
..\Output\STM32-DEMO.axf: Error: L6218E: Undefined symbol eMBRegInputCB (referred from mbfuncinput.o).
..\Output\STM32-DEMO.axf: Error: L6218E: Undefined symbol pxMBFrameCBByteReceived (referred from portserial.o).
..\Output\STM32-DEMO.axf: Error: L6218E: Undefined symbol pxMBFrameCBTransmitterEmpty (referred from portserial.o).
..\Output\STM32-DEMO.axf: Error: L6218E: Undefined symbol pxMBPortCBTimerExpired (referred from porttimer.o).
Target not created
Build target 'Temlate-DEMO'
assembling startup_stm32f10x_hd.s...
compiling main.c...
compiling stm32f10x_it.c...
compiling stm32f10x_gpio.c...
compiling stm32f10x_rcc.c...
compiling stm32f10x_tim.c...
compiling stm32f10x_usart.c...
compiling misc.c...
compiling core_cm3.c...
compiling system_stm32f10x.c...
compiling mbtcp.c...
compiling mbcrc.c...
compiling mbrtu.c...
..\modbus\rtu\mbrtu.c(153): warning:  #550-D: variable "xFrameReceived" was set but never used
compiling mbascii.c...
compiling mbfunccoils.c...
compiling mbfuncdiag.c...
compiling mbfuncdisc.c...
compiling mbfuncholding.c...
compiling mbfuncinput.c...
compiling mbfuncother.c...
compiling mbutils.c...
compiling mb.c...
compiling portevent.c...
compiling portserial.c...
compiling porttimer.c...
linking...
..\Output\STM32-DEMO.axf: Error: L6218E: Undefined symbol eMBRegCoilsCB (referred from mbfunccoils.o).
..\Output\STM32-DEMO.axf: Error: L6218E: Undefined symbol eMBRegDiscreteCB (referred from mbfuncdisc.o).
..\Output\STM32-DEMO.axf: Error: L6218E: Undefined symbol eMBRegHoldingCB (referred from mbfuncholding.o).
..\Output\STM32-DEMO.axf: Error: L6218E: Undefined symbol eMBRegInputCB (referred from mbfuncinput.o).
Target not created
Build target 'Temlate-DEMO'
assembling startup_stm32f10x_hd.s...
compiling main.c...
main.c(84): warning:  #1-D: last line of file ends without a newline
compiling stm32f10x_it.c...
compiling stm32f10x_gpio.c...
compiling stm32f10x_rcc.c...
compiling stm32f10x_tim.c...
compiling stm32f10x_usart.c...
compiling misc.c...
compiling core_cm3.c...
compiling system_stm32f10x.c...
compiling mbtcp.c...
compiling mbcrc.c...
compiling mbrtu.c...
..\modbus\rtu\mbrtu.c(153): warning:  #550-D: variable "xFrameReceived" was set but never used
compiling mbascii.c...
compiling mbfunccoils.c...
compiling mbfuncdiag.c...
compiling mbfuncdisc.c...
compiling mbfuncholding.c...
compiling mbfuncinput.c...
compiling mbfuncother.c...
compiling mbutils.c...
compiling mb.c...
compiling portevent.c...
compiling portserial.c...
compiling porttimer.c...
linking...
Program Size: Code=12730 RO-data=850 RW-data=248 ZI-data=800  
FromELF: creating hex file...
"..\Output\STM32-DEMO.axf" - 0 Error(s), 2 Warning(s).
